[2026-09-30T06:18:28.685230+00:00] instagram: scraping https://www.instagram.com/azafashions/ via Apify
[2026-09-30T06:19:10.446985+00:00] instagram: scraped 30 items
[2026-09-30T06:19:10.447211+00:00] instagram: classifying 30 new/changed items
[2026-09-30T06:19:53.967443+00:00] facebook: scraping https://www.facebook.com/AzaFashions/ via Apify
[2026-09-30T06:20:24.111705+00:00] facebook: scraped 2 items
[2026-09-30T06:20:24.112047+00:00] facebook: classifying 2 new/changed items
[2026-09-30T06:20:35.216792+00:00] reddit: scraping with terms=['Aza Fashions', 'AzaFashions', 'azafashions.com'] via Apify
[2026-09-30T06:24:19.102227+00:00] reddit: scraped 4 raw items
[2026-09-30T06:24:27.834572+00:00] reddit: 4 items after filter
[2026-09-30T06:24:27.834731+00:00] reddit: classifying 4 new/changed items
[2026-09-30T06:25:34.277916+00:00] tiktok: scraping https://www.tiktok.com/@azafashions via Apify
[2026-09-30T06:25:34.517866+00:00] tiktok: FAILED — Monthly usage hard limit exceeded
Traceback (most recent call last):
  File "/home/runner/work/listenv1/listenv1/run.py", line 38, in run_platform
    items = runner(url_or_terms)
            ^^^^^^^^^^^^^^^^^^^^
  File "/home/runner/work/listenv1/listenv1/scrapers/tiktok.py", line 77, in run_sync
    video_urls = _recent_video_urls(client, handle)
                 ^^^^^^^^^^^^^^^^^^^^^^^^^^^^^^^^^^
  File "/home/runner/work/listenv1/listenv1/scrapers/tiktok.py", line 52, in _recent_video_urls
    run = client.actor(TIKTOK_PROFILE_ACTOR).call(run_input=run_input, timeout_secs=TIMEOUT_SECS)
          ^^^^^^^^^^^^^^^^^^^^^^^^^^^^^^^^^^^^^^^^^^^^^^^^^^^^^^^^^^^^^^^^^^^^^^^^^^^^^^^^^^^^^^^
  File "/opt/hostedtoolcache/Python/3.11.16/x64/lib/python3.11/site-packages/apify_client/_logging.py", line 86, in wrapper
    return fun(resource_client, *args, **kwargs)
           ^^^^^^^^^^^^^^^^^^^^^^^^^^^^^^^^^^^^^
  File "/opt/hostedtoolcache/Python/3.11.16/x64/lib/python3.11/site-packages/apify_client/clients/resource_clients/actor.py", line 367, in call
    started_run = self.start(
                  ^^^^^^^^^^^
  File "/opt/hostedtoolcache/Python/3.11.16/x64/lib/python3.11/site-packages/apify_client/_logging.py", line 86, in wrapper
    return fun(resource_client, *args, **kwargs)
           ^^^^^^^^^^^^^^^^^^^^^^^^^^^^^^^^^^^^^
  File "/opt/hostedtoolcache/Python/3.11.16/x64/lib/python3.11/site-packages/apify_client/clients/resource_clients/actor.py", line 306, in start
    response = self.http_client.call(
               ^^^^^^^^^^^^^^^^^^^^^^
  File "/opt/hostedtoolcache/Python/3.11.16/x64/lib/python3.11/site-packages/apify_client/_http_client.py", line 213, in call
    return retry_with_exp_backoff(
           ^^^^^^^^^^^^^^^^^^^^^^^
  File "/opt/hostedtoolcache/Python/3.11.16/x64/lib/python3.11/site-packages/apify_client/_utils.py", line 175, in retry_with_exp_backoff
    return func(stop_retrying, attempt)
           ^^^^^^^^^^^^^^^^^^^^^^^^^^^^
  File "/opt/hostedtoolcache/Python/3.11.16/x64/lib/python3.11/site-packages/apify_client/_http_client.py", line 211, in _make_request
    raise ApifyApiError(response, attempt, method=method)
apify_client.errors.ApifyApiError: Monthly usage hard limit exceeded

[2026-09-30T06:25:34.555427+00:00] aggregate: index.json written
